// Jest Snapshot v1, https://goo.gl/fbAQLP

exports[`renders collapsed AnimatedCrossView 1`] = `null`;
