// Jest Snapshot v1, https://goo.gl/fbAQLP

exports[`renders CalendarHeader 1`] = `null`;
