// Jest Snapshot v1, https://goo.gl/fbAQLP

exports[`renders CalendarEdit 1`] = `null`;
