// Jest Snapshot v1, https://goo.gl/fbAQLP

exports[`renders DatePickerModalContent 1`] = `null`;
