// Jest Snapshot v1, https://goo.gl/fbAQLP

exports[`renders DatePickerInput 1`] = `null`;
