// Jest Snapshot v1, https://goo.gl/fbAQLP

exports[`renders DatePickerModalHeader 1`] = `null`;
