// Jest Snapshot v1, https://goo.gl/fbAQLP

exports[`renders DatePickerModal 1`] = `null`;
