// Jest Snapshot v1, https://goo.gl/fbAQLP

exports[`renders DayNames 1`] = `null`;
