// Jest Snapshot v1, https://goo.gl/fbAQLP

exports[`renders DayName 1`] = `null`;
