// Jest Snapshot v1, https://goo.gl/fbAQLP

exports[`renders YearPicker 1`] = `null`;
