// Jest Snapshot v1, https://goo.gl/fbAQLP

exports[`renders AmPmSwitcher 1`] = `null`;
