// Jest Snapshot v1, https://goo.gl/fbAQLP

exports[`renders AnalogClock 1`] = `null`;
