// Jest Snapshot v1, https://goo.gl/fbAQLP

exports[`renders AnalogClockMinutes 1`] = `null`;
