// Jest Snapshot v1, https://goo.gl/fbAQLP

exports[`renders AnalogClockHours 1`] = `null`;
