// Jest Snapshot v1, https://goo.gl/fbAQLP

exports[`renders TimeInput 1`] = `null`;
