// Jest Snapshot v1, https://goo.gl/fbAQLP

exports[`renders TimePicker 1`] = `null`;
