// Jest Snapshot v1, https://goo.gl/fbAQLP

exports[`renders TimeInputs 1`] = `null`;
